2023-03-22T22:54:51.453+0800	INFO	logger/loggers.go:34	[init log success]
2023-03-23T11:05:42.430+0800	INFO	logger/loggers.go:34	[init log success]
2023-11-07T13:53:10.321+0800	INFO	logger/loggers.go:34	[init log success]
